// Jest Snapshot v1, https://goo.gl/fbAQLP

exports[`Button component tests It match with snapshot 1`] = `
<button
  className="button"
  onClick={[Function]}
  type="button"
/>
`;
