// Jest Snapshot v1, https://goo.gl/fbAQLP

exports[`Quotes should match with snapshot 1`] = `
<div
  className="card quote"
>
  <p>
    Mathematics is not about numbers, equations, computations, or algorithms: it is about understanding.
  </p>
  <p
    className="text-primary"
  >
    William Paul Thurston
  </p>
</div>
`;
